//tests identifier names
// 4 errors

program consts(in, out);
begin

	a := asdf;
##semantic:7: variable 'a' undeclared at this level
##semantic:7: variable 'asdf' undeclared at this level
	a := aSdF;
##semantic:8: variable 'a' undeclared at this level
##semantic:8: variable 'aSdF' undeclared at this level
	a := AsDf;
##semantic:9: variable 'a' undeclared at this level
##semantic:9: variable 'AsDf' undeclared at this level
	a := ASDF;
##semantic:10: variable 'a' undeclared at this level
##semantic:10: variable 'ASDF' undeclared at this level
	a := while; 		//ERROR, keyword
##semantic:11: variable 'a' undeclared at this level
##parser:11: syntax error, unexpected WHILE

	a := 3;
##semantic:13: variable 'a' undeclared at this level
	a := 3asdf; 		//ERROR, identifier can't start with a number
##parser:14: syntax error, unexpected ID, expecting ;

	a := asdf3;
##semantic:16: variable 'a' undeclared at this level
##semantic:16: variable 'asdf3' undeclared at this level

	a := asdf_asdf;		 //ERROR, identifier can't include underscore
##parser:18: syntax error, unexpected ID, expecting ;
##lexer:18: Invalid token.

	a := realllllllllllllllllllllllllllllllllllllllllllllllllllllllllllllllllllllllllllllllllllllllllllllllllllllllllllllllllllllllllllllllllllllllllllllllllllllllllllllllllllllllllllllllllllllllylong;
##semantic:20: variable 'a' undeclared at this level
##semantic:20: variable 'realllllllllllllllllllllllllllllllllllllllllllllllllllllllllllllllllllllllllllllllllllllllllllllllllllllllllllllllllllllllllllllllllllllllllllllllllllllllllllllllllllllllllllllllllllllllylong' undeclared at this level

	b := b123;
##parser:22: syntax error, unexpected ID, expecting ;
	b := b123asd;
##semantic:23: variable 'b' undeclared at this level
##semantic:23: variable 'b123asd' undeclared at this level
        b := b1dsf2fds3;
##parser:24: syntax error, unexpected ID, expecting ;
	b := B1s23;
##semantic:25: variable 'b' undeclared at this level
##semantic:25: variable 'B1s23' undeclared at this level
	elseif := b;
##parser:26: syntax error, unexpected ID, expecting ;

	program := abc;		//ERROR, keyword
##parser:28: syntax error, unexpected :=

	c2 := c2;
##semantic:30: variable 'c2' undeclared at this level
##semantic:30: variable 'c2' undeclared at this level
	d2 := 3;
##parser:31: syntax error, unexpected ID, expecting ;
	 
	
end.
##parser:34: syntax error, unexpected .
