// Tests that numbers are parsed properly
// 6 errors 

program numbers(in, out);
var
	x : integer;
	r, badr : real;

begin
	i := 0;
##semantic:10: variable 'i' undeclared at this level
	i := 1;
##semantic:11: variable 'i' undeclared at this level
	i := 1000000000;
##semantic:12: variable 'i' undeclared at this level

	r := 1.0;
	r := 1.5;
	r := 1.00005;
	r := 1.2E10;
	r := 1.2E-5;
	r := 1.2E+13;

	r := 0.1;
	r := 0.0000;

	badr := 100.; 				//ERROR: invalid real
##parser:24: syntax error, unexpected .
	badr := 999.E10;			 //ERROR: invalid real
##semantic:25: variable 'E10' undeclared at this level
	badr := .999;				 //ERROR: invalid real
##parser:26: syntax error, unexpected .

	i := r := 3; 				//ERROR: chained assignment
##semantic:28: variable 'i' undeclared at this level
##parser:28: syntax error, unexpected :=

	r := 1.2E0;
##parser:30: syntax error, unexpected ID, expecting ;
	r := 1.2E+0;
	r := 1.2E-0;
##parser:32: syntax error, unexpected ID, expecting ;
	
	r := +1.2E-5;
	r := -1.2E+13;
##parser:35: syntax error, unexpected ID, expecting ;

	r := 0E0;
	r := 1.2E+13;
##parser:38: syntax error, unexpected ID, expecting ;

	r := 1.0000000000000000000009;		//Error?
	1 = 2;					//ERROR
##parser:41: syntax error, unexpected INT_CONST, expecting ;

end.
##parser:43: syntax error, unexpected .

